2026-03-04T08:25:49.353682-03:00 Casa kernel: hv_utils: TimeSync IC version 4.0
2026-03-04T08:25:58.784807-03:00 Casa kernel: hv_utils: TimeSync IC version 4.0
2026-03-04T14:04:29.749840-03:00 Casa kernel: hv_utils: TimeSync IC version 4.0
2026-03-04T18:19:58.244825-03:00 Casa kernel: Adjusting tsc more than 11% (7528975 vs 7460985)
2026-03-04T19:36:18.883242-03:00 Casa kernel: mini_init (170): drop_caches: 1
2026-03-04T21:15:20.498621-03:00 Casa kernel: mini_init (170): drop_caches: 1
2026-03-04T23:40:55.170376-03:00 Casa kernel: hv_utils: TimeSync IC version 4.0
2026-03-05T05:35:45.156016-03:00 Casa kernel: hv_utils: TimeSync IC version 4.0
2026-03-05T11:42:34.680859-03:00 Casa kernel: mini_init (170): drop_caches: 1
2026-03-05T21:38:39.681071-03:00 Casa kernel: message repeated 6 times: [ mini_init (170): drop_caches: 1]
2026-03-06T06:30:44.949084-03:00 Casa kernel: hv_utils: TimeSync IC version 4.0
2026-03-06T06:30:55.116221-03:00 Casa kernel: hv_utils: TimeSync IC version 4.0
2026-03-06T10:16:17.474728-03:00 Casa kernel: mini_init (170): drop_caches: 1
2026-03-06T10:17:19.243876-03:00 Casa kernel: potentially unexpected fatal signal 6.
2026-03-06T10:17:19.243907-03:00 Casa kernel: CPU: 0 PID: 206 Comm: weston Not tainted 5.15.167.4-microsoft-standard-WSL2 #1
2026-03-06T10:17:19.243909-03:00 Casa kernel: RIP: 0033:0x7fabab877e6c
2026-03-06T10:17:19.243909-03:00 Casa kernel: Code: ff ff 0f 46 ea eb 99 0f 1f 80 00 00 00 00 b8 ba 00 00 00 0f 05 89 c5 e8 32 d5 04 00 44 89 e2 89 ee 89 c7 b8 ea 00 00 00 0f 05 <89> c5 f7 dd 3d 00 f0 ff ff b8 00 00 00 00 0f 47 c5 48 83 ec 80 5b
2026-03-06T10:17:19.244327-03:00 Casa kernel: RSP: 002b:00007ffdef144a60 EFLAGS: 00000246 ORIG_RAX: 00000000000000ea
2026-03-06T10:17:19.244333-03:00 Casa kernel: RAX: 0000000000000000 RBX: 00007faba828dec0 RCX: 00007fabab877e6c
2026-03-06T10:17:19.244333-03:00 Casa kernel: RDX: 0000000000000006 RSI: 000000000000000c RDI: 000000000000000c
2026-03-06T10:17:19.244333-03:00 Casa kernel: RBP: 000000000000000c R08: 00007ffdef144b28 R09: 0000000000000000
2026-03-06T10:17:19.244334-03:00 Casa kernel: R10: 0000000000000008 R11: 0000000000000246 R12: 0000000000000006
2026-03-06T10:17:19.244374-03:00 Casa kernel: R13: 00007ffdef144c80 R14: 0000000000000010 R15: 00007faba4671000
2026-03-06T10:17:19.244375-03:00 Casa kernel: FS:  00007faba828dec0 GS:  0000000000000000
2026-03-06T10:27:16.552327-03:00 Casa kernel: mini_init (170): drop_caches: 1
2026-03-06T11:38:58.089334-03:00 Casa kernel: hv_utils: TimeSync IC version 4.0
2026-03-06T18:34:50.079788-03:00 Casa kernel: mini_init (170): drop_caches: 1
2026-03-07T00:47:25.375788-03:00 Casa kernel: hv_utils: TimeSync IC version 4.0
2026-03-07T06:37:44.284334-03:00 Casa kernel: hv_utils: TimeSync IC version 4.0
2026-03-07T10:53:29.546727-03:00 Casa kernel: mini_init (170): drop_caches: 1
2026-03-07T11:06:17.605315-03:00 Casa kernel: mini_init (170): drop_caches: 1
2026-03-07T21:05:10.564011-03:00 Casa kernel: mini_init (170): drop_caches: 1
2026-03-07T21:10:43.243234-03:00 Casa kernel: mini_init (170): drop_caches: 1
2026-03-09T12:00:50.833609-03:00 Casa kernel: Linux version 5.15.167.4-microsoft-standard-WSL2 (root@f9c826d3017f) (gcc (GCC) 11.2.0, GNU ld (GNU Binutils) 2.37) #1 SMP Tue Nov 5 00:21:55 UTC 2024
2026-03-09T12:00:50.833939-03:00 Casa kernel: Command line: initrd=\initrd.img WSL_ROOT_INIT=1 panic=-1 nr_cpus=12 hv_utils.timesync_implicit=1 console=hvc0 debug pty.legacy_count=0 WSL_ENABLE_CRASH_DUMP=1
2026-03-09T12:00:50.833956-03:00 Casa kernel: KERNEL supported cpus:
2026-03-09T12:00:50.833959-03:00 Casa kernel:   Intel GenuineIntel
2026-03-09T12:00:50.833960-03:00 Casa kernel:   AMD AuthenticAMD
2026-03-09T12:00:50.833961-03:00 Casa kernel:   Centaur CentaurHauls
2026-03-09T12:00:50.833963-03:00 Casa kernel: BIOS-provided physical RAM map:
2026-03-09T12:00:50.833974-03:00 Casa kernel: BIOS-e820: [mem 0x0000000000000000-0x000000000009ffff] usable
2026-03-09T12:00:50.833978-03:00 Casa kernel: BIOS-e820: [mem 0x00000000000e0000-0x00000000000e0fff] reserved
2026-03-09T12:00:50.833980-03:00 Casa kernel: BIOS-e820: [mem 0x0000000000100000-0x00000000001fffff] ACPI data
2026-03-09T12:00:50.833981-03:00 Casa kernel: BIOS-e820: [mem 0x0000000000200000-0x00000000f75fffff] usable
2026-03-09T12:00:50.833983-03:00 Casa kernel: NX (Execute Disable) protection: active
2026-03-09T12:00:50.833984-03:00 Casa kernel: DMI not present or invalid.
2026-03-09T12:00:50.833985-03:00 Casa kernel: Hypervisor detected: Microsoft Hyper-V
2026-03-09T12:00:50.833995-03:00 Casa kernel: Hyper-V: privilege flags low 0xae7f, high 0x3b8030, hints 0x9a4e24, misc 0xe0bed7b2
2026-03-09T12:00:50.833999-03:00 Casa kernel: Hyper-V Host Build:26100-10.0-7-0.7824
2026-03-09T12:00:50.834000-03:00 Casa kernel: Hyper-V: Nested features: 0x3e0101
2026-03-09T12:00:50.834002-03:00 Casa kernel: Hyper-V: LAPIC Timer Frequency: 0x1e8480
2026-03-09T12:00:50.834003-03:00 Casa kernel: Hyper-V: Using hypercall for remote TLB flush
2026-03-09T12:00:50.834005-03:00 Casa kernel: clocksource: hyperv_clocksource_tsc_page: mask: 0xffffffffffffffff max_cycles: 0x24e6a1710, max_idle_ns: 440795202120 ns
2026-03-09T12:00:50.834019-03:00 Casa kernel: tsc: Detected 2496.012 MHz processor
2026-03-09T12:00:50.834023-03:00 Casa kernel: e820: update [mem 0x00000000-0x00000fff] usable ==> reserved
2026-03-09T12:00:50.834025-03:00 Casa kernel: e820: remove [mem 0x000a0000-0x000fffff] usable
2026-03-09T12:00:50.834026-03:00 Casa kernel: last_pfn = 0xf7600 max_arch_pfn = 0x400000000
2026-03-09T12:00:50.834027-03:00 Casa kernel: x86/PAT: Configuration [0-7]: WB  WC  UC- UC  WB  WP  UC- WT  
2026-03-09T12:00:50.834029-03:00 Casa kernel: Using GB pages for direct mapping
2026-03-09T12:00:50.834039-03:00 Casa kernel: RAMDISK: [mem 0x03de4000-0x04034fff]
2026-03-09T12:00:50.834043-03:00 Casa kernel: ACPI: Early table checksum verification disabled
2026-03-09T12:00:50.834044-03:00 Casa kernel: ACPI: RSDP 0x00000000000E0000 000024 (v02 VRTUAL)
2026-03-09T12:00:50.834045-03:00 Casa kernel: ACPI: XSDT 0x0000000000100000 000044 (v01 VRTUAL MICROSFT 00000001 MSFT 00000001)
2026-03-09T12:00:50.834047-03:00 Casa kernel: ACPI: FACP 0x0000000000101000 000114 (v06 VRTUAL MICROSFT 00000001 MSFT 00000001)
2026-03-09T12:00:50.834048-03:00 Casa kernel: ACPI: DSDT 0x00000000001011B8 01E11C (v02 MSFTVM DSDT01   00000001 INTL 20230628)
2026-03-09T12:00:50.834050-03:00 Casa kernel: ACPI: FACS 0x0000000000101114 000040
2026-03-09T12:00:50.834060-03:00 Casa kernel: ACPI: OEM0 0x0000000000101154 000064 (v01 VRTUAL MICROSFT 00000001 MSFT 00000001)
2026-03-09T12:00:50.834064-03:00 Casa kernel: ACPI: SRAT 0x000000000011F2D4 000370 (v02 VRTUAL MICROSFT 00000001 MSFT 00000001)
2026-03-09T12:00:50.834066-03:00 Casa kernel: ACPI: APIC 0x000000000011F644 0000A8 (v04 VRTUAL MICROSFT 00000001 MSFT 00000001)
2026-03-09T12:00:50.834067-03:00 Casa kernel: ACPI: Reserving FACP table memory at [mem 0x101000-0x101113]
2026-03-09T12:00:50.834068-03:00 Casa kernel: ACPI: Reserving DSDT table memory at [mem 0x1011b8-0x11f2d3]
2026-03-09T12:00:50.834070-03:00 Casa kernel: ACPI: Reserving FACS table memory at [mem 0x101114-0x101153]
2026-03-09T12:00:50.834080-03:00 Casa kernel: ACPI: Reserving OEM0 table memory at [mem 0x101154-0x1011b7]
2026-03-09T12:00:50.834084-03:00 Casa kernel: ACPI: Reserving SRAT table memory at [mem 0x11f2d4-0x11f643]
2026-03-09T12:00:50.834086-03:00 Casa kernel: ACPI: Reserving APIC table memory at [mem 0x11f644-0x11f6eb]
2026-03-09T12:00:50.834087-03:00 Casa kernel: Zone ranges:
2026-03-09T12:00:50.834093-03:00 Casa kernel:   DMA      [mem 0x0000000000001000-0x0000000000ffffff]
2026-03-09T12:00:50.834094-03:00 Casa kernel:   DMA32    [mem 0x0000000001000000-0x00000000f75fffff]
2026-03-09T12:00:50.834104-03:00 Casa kernel:   Normal   empty
2026-03-09T12:00:50.834108-03:00 Casa kernel:   Device   empty
2026-03-09T12:00:50.834110-03:00 Casa kernel: Movable zone start for each node
2026-03-09T12:00:50.834111-03:00 Casa kernel: Early memory node ranges
2026-03-09T12:00:50.834113-03:00 Casa kernel:   node   0: [mem 0x0000000000001000-0x000000000009ffff]
2026-03-09T12:00:50.834114-03:00 Casa kernel:   node   0: [mem 0x0000000000200000-0x00000000f75fffff]
2026-03-09T12:00:50.834115-03:00 Casa kernel: Initmem setup node 0 [mem 0x0000000000001000-0x00000000f75fffff]
2026-03-09T12:00:50.834125-03:00 Casa kernel: On node 0, zone DMA: 1 pages in unavailable ranges
2026-03-09T12:00:50.834129-03:00 Casa kernel: On node 0, zone DMA: 352 pages in unavailable ranges
2026-03-09T12:00:50.834130-03:00 Casa kernel: On node 0, zone DMA32: 2560 pages in unavailable ranges
2026-03-09T12:00:50.834132-03:00 Casa kernel: ACPI: LAPIC_NMI (acpi_id[0x01] dfl dfl lint[0x1])
2026-03-09T12:00:50.834133-03:00 Casa kernel: IOAPIC[0]: apic_id 12, version 17, address 0xfec00000, GSI 0-23
2026-03-09T12:00:50.834134-03:00 Casa kernel: ACPI: INT_SRC_OVR (bus 0 bus_irq 9 global_irq 9 high level)
2026-03-09T12:00:50.834144-03:00 Casa kernel: ACPI: Using ACPI (MADT) for SMP configuration information
2026-03-09T12:00:50.834148-03:00 Casa kernel: TSC deadline timer available
2026-03-09T12:00:50.834149-03:00 Casa kernel: smpboot: Allowing 12 CPUs, 0 hotplug CPUs
2026-03-09T12:00:50.834150-03:00 Casa kernel: [mem 0xf7600000-0xffffffff] available for PCI devices
2026-03-09T12:00:50.834152-03:00 Casa kernel: Booting paravirtualized kernel on Hyper-V
2026-03-09T12:00:50.834153-03:00 Casa kernel: clocksource: refined-jiffies: mask: 0xffffffff max_cycles: 0xffffffff, max_idle_ns: 19112604462750000 ns
2026-03-09T12:00:50.834467-03:00 Casa kernel: setup_percpu: NR_CPUS:256 nr_cpumask_bits:256 nr_cpu_ids:12 nr_node_ids:1
2026-03-09T12:00:50.834610-03:00 Casa kernel: percpu: Embedded 54 pages/cpu s180696 r8192 d32296 u262144
2026-03-09T12:00:50.834618-03:00 Casa kernel: pcpu-alloc: s180696 r8192 d32296 u262144 alloc=1*2097152
2026-03-09T12:00:50.834621-03:00 Casa kernel: pcpu-alloc: [0] 00 01 02 03 04 05 06 07 [0] 08 09 10 11 -- -- -- -- 
2026-03-09T12:00:50.834628-03:00 Casa kernel: Hyper-V: PV spinlocks enabled
2026-03-09T12:00:50.834631-03:00 Casa kernel: PV qspinlock hash table entries: 256 (order: 0, 4096 bytes, linear)
2026-03-09T12:00:50.834632-03:00 Casa kernel: Built 1 zonelists, mobility grouping on.  Total pages: 996909
2026-03-09T12:00:50.834649-03:00 Casa kernel: Kernel command line: initrd=\initrd.img WSL_ROOT_INIT=1 panic=-1 nr_cpus=12 hv_utils.timesync_implicit=1 console=hvc0 debug pty.legacy_count=0 WSL_ENABLE_CRASH_DUMP=1
2026-03-09T12:00:50.834655-03:00 Casa kernel: Unknown kernel command line parameters "WSL_ROOT_INIT=1 WSL_ENABLE_CRASH_DUMP=1", will be passed to user space.
2026-03-09T12:00:50.834658-03:00 Casa kernel: Dentry cache hash table entries: 524288 (order: 10, 4194304 bytes, linear)
2026-03-09T12:00:50.834659-03:00 Casa kernel: Inode-cache hash table entries: 262144 (order: 9, 2097152 bytes, linear)
2026-03-09T12:00:50.834664-03:00 Casa kernel: mem auto-init: stack:off, heap alloc:off, heap free:off
2026-03-09T12:00:50.834668-03:00 Casa kernel: Memory: 257464K/4051580K available (18452K kernel code, 2648K rwdata, 9668K rodata, 2016K init, 1776K bss, 118348K reserved, 0K cma-reserved)
2026-03-09T12:00:50.834682-03:00 Casa kernel: SLUB: HWalign=64, Order=0-3, MinObjects=0, CPUs=12, Nodes=1
2026-03-09T12:00:50.834684-03:00 Casa kernel: ftrace: allocating 52991 entries in 207 pages
2026-03-09T12:00:50.834688-03:00 Casa kernel: ftrace: allocated 207 pages with 6 groups
2026-03-09T12:00:50.834690-03:00 Casa kernel: rcu: Hierarchical RCU implementation.
2026-03-09T12:00:50.834692-03:00 Casa kernel: rcu: 	RCU restricting CPUs from NR_CPUS=256 to nr_cpu_ids=12.
2026-03-09T12:00:50.834693-03:00 Casa kernel: 	Rude variant of Tasks RCU enabled.
2026-03-09T12:00:50.834707-03:00 Casa kernel: 	Tracing variant of Tasks RCU enabled.
2026-03-09T12:00:50.834832-03:00 Casa kernel: rcu: RCU calculated value of scheduler-enlistment delay is 10 jiffies.
2026-03-09T12:00:50.834968-03:00 Casa kernel: rcu: Adjusting geometry for rcu_fanout_leaf=16, nr_cpu_ids=12
2026-03-09T12:00:50.834973-03:00 Casa kernel: Using NULL legacy PIC
2026-03-09T12:00:50.834975-03:00 Casa kernel: NR_IRQS: 16640, nr_irqs: 520, preallocated irqs: 0
2026-03-09T12:00:50.834977-03:00 Casa kernel: random: crng init done
2026-03-09T12:00:50.834994-03:00 Casa kernel: Console: colour dummy device 80x25
2026-03-09T12:00:50.834999-03:00 Casa kernel: ACPI: Core revision 20210730
2026-03-09T12:00:50.835000-03:00 Casa kernel: Failed to register legacy timer interrupt
2026-03-09T12:00:50.835002-03:00 Casa kernel: APIC: Switch to symmetric I/O mode setup
2026-03-09T12:00:50.835004-03:00 Casa kernel: x2apic enabled
2026-03-09T12:00:50.835005-03:00 Casa kernel: Switched APIC routing to physical x2apic.
2026-03-09T12:00:50.835007-03:00 Casa kernel: Hyper-V: Using IPI hypercalls
2026-03-09T12:00:50.835018-03:00 Casa kernel: clocksource: tsc-early: mask: 0xffffffffffffffff max_cycles: 0x23fa828d75a, max_idle_ns: 440795333562 ns
2026-03-09T12:00:50.835023-03:00 Casa kernel: Calibrating delay loop (skipped), value calculated using timer frequency.. 4992.02 BogoMIPS (lpj=24960120)
2026-03-09T12:00:50.835024-03:00 Casa kernel: x86/cpu: User Mode Instruction Prevention (UMIP) activated
2026-03-09T12:00:50.835026-03:00 Casa kernel: Last level iTLB entries: 4KB 0, 2MB 0, 4MB 0
2026-03-09T12:00:50.835028-03:00 Casa kernel: Last level dTLB entries: 4KB 0, 2MB 0, 4MB 0, 1GB 0
2026-03-09T12:00:50.835029-03:00 Casa kernel: Spectre V1 : Mitigation: usercopy/swapgs barriers and __user pointer sanitization
2026-03-09T12:00:50.835040-03:00 Casa kernel: Spectre V2 : Mitigation: Enhanced / Automatic IBRS
2026-03-09T12:00:50.835044-03:00 Casa kernel: Spectre V2 : Spectre v2 / SpectreRSB mitigation: Filling RSB on context switch
2026-03-09T12:00:50.835045-03:00 Casa kernel: Spectre V2 : Spectre v2 / PBRSB-eIBRS: Retire a single CALL on VMEXIT
2026-03-09T12:00:50.835047-03:00 Casa kernel: RETBleed: Mitigation: Enhanced IBRS
2026-03-09T12:00:50.835048-03:00 Casa kernel: Spectre V2 : mitigation: Enabling conditional Indirect Branch Prediction Barrier
2026-03-09T12:00:50.835209-03:00 Casa kernel: Speculative Store Bypass: Mitigation: Speculative Store Bypass disabled via prctl and seccomp
2026-03-09T12:00:50.835224-03:00 Casa kernel: Register File Data Sampling: Mitigation: Clear Register File
2026-03-09T12:00:50.835346-03:00 Casa kernel: x86/fpu: Supporting XSAVE feature 0x001: 'x87 floating point registers'
2026-03-09T12:00:50.835583-03:00 Casa kernel: x86/fpu: Supporting XSAVE feature 0x002: 'SSE registers'
2026-03-09T12:00:50.835668-03:00 Casa kernel: x86/fpu: Supporting XSAVE feature 0x004: 'AVX registers'
2026-03-09T12:00:50.835670-03:00 Casa kernel: x86/fpu: xstate_offset[2]:  576, xstate_sizes[2]:  256
2026-03-09T12:00:50.835671-03:00 Casa kernel: x86/fpu: Enabled xstate features 0x7, context size is 832 bytes, using 'compacted' format.
2026-03-09T12:00:50.835681-03:00 Casa kernel: Freeing SMP alternatives memory: 60K
2026-03-09T12:00:50.835682-03:00 Casa kernel: pid_max: default: 32768 minimum: 301
2026-03-09T12:00:50.835683-03:00 Casa kernel: LSM: Security Framework initializing
2026-03-09T12:00:50.835684-03:00 Casa kernel: landlock: Up and running.
2026-03-09T12:00:50.835685-03:00 Casa kernel: Mount-cache hash table entries: 8192 (order: 4, 65536 bytes, linear)
2026-03-09T12:00:50.835686-03:00 Casa kernel: Mountpoint-cache hash table entries: 8192 (order: 4, 65536 bytes, linear)
2026-03-09T12:00:50.835686-03:00 Casa kernel: smpboot: CPU0: 12th Gen Intel(R) Core(TM) i5-1235U (family: 0x6, model: 0x9a, stepping: 0x4)
2026-03-09T12:00:50.835690-03:00 Casa kernel: Performance Events: unsupported p6 CPU model 154 no PMU driver, software events only.
2026-03-09T12:00:50.835690-03:00 Casa kernel: signal: max sigframe size: 1776
2026-03-09T12:00:50.835691-03:00 Casa kernel: rcu: Hierarchical SRCU implementation.
2026-03-09T12:00:50.835692-03:00 Casa kernel: smp: Bringing up secondary CPUs ...
2026-03-09T12:00:50.835693-03:00 Casa kernel: x86: Booting SMP configuration:
2026-03-09T12:00:50.835693-03:00 Casa kernel: .... node  #0, CPUs:        #1  #2  #3  #4  #5  #6  #7  #8  #9 #10 #11
2026-03-09T12:00:50.835696-03:00 Casa kernel: smp: Brought up 1 node, 12 CPUs
2026-03-09T12:00:50.835697-03:00 Casa kernel: smpboot: Max logical packages: 1
2026-03-09T12:00:50.835698-03:00 Casa kernel: smpboot: Total of 12 processors activated (59904.28 BogoMIPS)
2026-03-09T12:00:50.835699-03:00 Casa kernel: node 0 deferred pages initialised in 90ms
2026-03-09T12:00:50.835699-03:00 Casa kernel: devtmpfs: initialized
2026-03-09T12:00:50.835700-03:00 Casa kernel: x86/mm: Memory block size: 128MB
2026-03-09T12:00:50.835701-03:00 Casa kernel: clocksource: jiffies: mask: 0xffffffff max_cycles: 0xffffffff, max_idle_ns: 19112604462750000 ns
2026-03-09T12:00:50.835704-03:00 Casa kernel: futex hash table entries: 4096 (order: 6, 262144 bytes, linear)
2026-03-09T12:00:50.835705-03:00 Casa kernel: NET: Registered PF_NETLINK/PF_ROUTE protocol family
2026-03-09T12:00:50.835706-03:00 Casa kernel: audit: initializing netlink subsys (disabled)
2026-03-09T12:00:50.835707-03:00 Casa kernel: audit: type=2000 audit(1773068440.150:1): state=initialized audit_enabled=0 res=1
2026-03-09T12:00:50.835707-03:00 Casa kernel: thermal_sys: Registered thermal governor 'step_wise'
2026-03-09T12:00:50.835708-03:00 Casa kernel: cpuidle: using governor menu
2026-03-09T12:00:50.835711-03:00 Casa kernel: ACPI: bus type PCI registered
2026-03-09T12:00:50.835712-03:00 Casa kernel: PCI: Fatal: No config space access function found
2026-03-09T12:00:50.835713-03:00 Casa kernel: kprobes: kprobe jump-optimization is enabled. All kprobes are optimized if possible.
2026-03-09T12:00:50.835714-03:00 Casa kernel: HugeTLB registered 1.00 GiB page size, pre-allocated 0 pages
2026-03-09T12:00:50.835714-03:00 Casa kernel: HugeTLB registered 2.00 MiB page size, pre-allocated 0 pages
2026-03-09T12:00:50.835715-03:00 Casa kernel: raid6: skip pq benchmark and using algorithm avx2x4
2026-03-09T12:00:50.835719-03:00 Casa kernel: raid6: using avx2x2 recovery algorithm
2026-03-09T12:00:50.835720-03:00 Casa kernel: ACPI: Added _OSI(Module Device)
2026-03-09T12:00:50.835721-03:00 Casa kernel: ACPI: Added _OSI(Processor Device)
2026-03-09T12:00:50.835721-03:00 Casa kernel: ACPI: Added _OSI(3.0 _SCP Extensions)
2026-03-09T12:00:50.835722-03:00 Casa kernel: ACPI: Added _OSI(Processor Aggregator Device)
2026-03-09T12:00:50.835723-03:00 Casa kernel: ACPI: Added _OSI(Linux-Dell-Video)
2026-03-09T12:00:50.835723-03:00 Casa kernel: ACPI: Added _OSI(Linux-Lenovo-NV-HDMI-Audio)
2026-03-09T12:00:50.835726-03:00 Casa kernel: ACPI: Added _OSI(Linux-HPI-Hybrid-Graphics)
2026-03-09T12:00:50.835727-03:00 Casa kernel: ACPI: 1 ACPI AML tables successfully acquired and loaded
2026-03-09T12:00:50.835728-03:00 Casa kernel: ACPI: Interpreter enabled
2026-03-09T12:00:50.835729-03:00 Casa kernel: ACPI: PM: (supports S0 S5)
2026-03-09T12:00:50.835730-03:00 Casa kernel: ACPI: Using IOAPIC for interrupt routing
2026-03-09T12:00:50.835730-03:00 Casa kernel: PCI: Using host bridge windows from ACPI; if necessary, use "pci=nocrs" and report a bug
2026-03-09T12:00:50.835733-03:00 Casa kernel: ACPI: Enabled 2 GPEs in block 00 to 0F
2026-03-09T12:00:50.835734-03:00 Casa kernel: iommu: Default domain type: Translated 
2026-03-09T12:00:50.835735-03:00 Casa kernel: iommu: DMA domain TLB invalidation policy: lazy mode 
2026-03-09T12:00:50.835736-03:00 Casa kernel: SCSI subsystem initialized
2026-03-09T12:00:50.835736-03:00 Casa kernel: ACPI: bus type USB registered
2026-03-09T12:00:50.835737-03:00 Casa kernel: usbcore: registered new interface driver usbfs
2026-03-09T12:00:50.835738-03:00 Casa kernel: usbcore: registered new interface driver hub
2026-03-09T12:00:50.835843-03:00 Casa kernel: usbcore: registered new device driver usb
2026-03-09T12:00:50.835846-03:00 Casa kernel: pps_core: LinuxPPS API ver. 1 registered
2026-03-09T12:00:50.835847-03:00 Casa kernel: pps_core: Software ver. 5.3.6 - Copyright 2005-2007 Rodolfo Giometti <giometti@linux.it>
2026-03-09T12:00:50.835849-03:00 Casa kernel: PTP clock support registered
2026-03-09T12:00:50.835850-03:00 Casa kernel: hv_vmbus: Vmbus version:5.3
2026-03-09T12:00:50.835850-03:00 Casa kernel: PCI: Using ACPI for IRQ routing
2026-03-09T12:00:50.835853-03:00 Casa kernel: PCI: System does not support PCI
2026-03-09T12:00:50.835854-03:00 Casa kernel: hv_vmbus: Unknown GUID: c376c1c3-d276-48d2-90a9-c04748072c60
2026-03-09T12:00:50.835855-03:00 Casa kernel: hv_vmbus: Unknown GUID: 6e382d18-3336-4f4b-acc4-2b7703d4df4a
2026-03-09T12:00:50.835856-03:00 Casa kernel: hv_vmbus: Unknown GUID: dde9cbc0-5060-4436-9448-ea1254a5d177
2026-03-09T12:00:50.835857-03:00 Casa kernel: clocksource: Switched to clocksource tsc-early
2026-03-09T12:00:50.835858-03:00 Casa kernel: VFS: Disk quotas dquot_6.6.0
2026-03-09T12:00:50.835861-03:00 Casa kernel: VFS: Dquot-cache hash table entries: 512 (order 0, 4096 bytes)
2026-03-09T12:00:50.835862-03:00 Casa kernel: FS-Cache: Loaded
2026-03-09T12:00:50.835862-03:00 Casa kernel: pnp: PnP ACPI init
2026-03-09T12:00:50.835863-03:00 Casa kernel: pnp: PnP ACPI: found 1 devices
2026-03-09T12:00:50.835864-03:00 Casa kernel: NET: Registered PF_INET protocol family
2026-03-09T12:00:50.835865-03:00 Casa kernel: IP idents hash table entries: 65536 (order: 7, 524288 bytes, linear)
2026-03-09T12:00:50.835866-03:00 Casa kernel: tcp_listen_portaddr_hash hash table entries: 2048 (order: 3, 32768 bytes, linear)
2026-03-09T12:00:50.835869-03:00 Casa kernel: Table-perturb hash table entries: 65536 (order: 6, 262144 bytes, linear)
2026-03-09T12:00:50.835870-03:00 Casa kernel: TCP established hash table entries: 32768 (order: 6, 262144 bytes, linear)
2026-03-09T12:00:50.835871-03:00 Casa kernel: TCP bind hash table entries: 32768 (order: 7, 524288 bytes, linear)
2026-03-09T12:00:50.835871-03:00 Casa kernel: TCP: Hash tables configured (established 32768 bind 32768)
2026-03-09T12:00:50.835872-03:00 Casa kernel: UDP hash table entries: 2048 (order: 4, 65536 bytes, linear)
2026-03-09T12:00:50.835873-03:00 Casa kernel: UDP-Lite hash table entries: 2048 (order: 4, 65536 bytes, linear)
2026-03-09T12:00:50.835876-03:00 Casa kernel: NET: Registered PF_UNIX/PF_LOCAL protocol family
2026-03-09T12:00:50.835877-03:00 Casa kernel: RPC: Registered named UNIX socket transport module.
2026-03-09T12:00:50.835878-03:00 Casa kernel: RPC: Registered udp transport module.
2026-03-09T12:00:50.835878-03:00 Casa kernel: RPC: Registered tcp transport module.
2026-03-09T12:00:50.835879-03:00 Casa kernel: RPC: Registered tcp NFSv4.1 backchannel transport module.
2026-03-09T12:00:50.835880-03:00 Casa kernel: PCI: CLS 0 bytes, default 64
2026-03-09T12:00:50.835881-03:00 Casa kernel: KVM: vmx: using Hyper-V Enlightened VMCS
2026-03-09T12:00:50.835884-03:00 Casa kernel: Trying to unpack rootfs image as initramfs...
2026-03-09T12:00:50.835884-03:00 Casa kernel: Freeing initrd memory: 2372K
2026-03-09T12:00:50.835885-03:00 Casa kernel: kvm: already loaded the other module
2026-03-09T12:00:50.835886-03:00 Casa kernel: Initialise system trusted keyrings
2026-03-09T12:00:50.835887-03:00 Casa kernel: workingset: timestamp_bits=46 max_order=20 bucket_order=0
2026-03-09T12:00:50.835887-03:00 Casa kernel: squashfs: version 4.0 (2009/01/31) Phillip Lougher
2026-03-09T12:00:50.835902-03:00 Casa kernel: NFS: Registering the id_resolver key type
2026-03-09T12:00:50.835903-03:00 Casa kernel: Key type id_resolver registered
2026-03-09T12:00:50.835904-03:00 Casa kernel: Key type id_legacy registered
2026-03-09T12:00:50.835905-03:00 Casa kernel: nfs4filelayout_init: NFSv4 File Layout Driver Registering...
2026-03-09T12:00:50.835905-03:00 Casa kernel: nfs4flexfilelayout_init: NFSv4 Flexfile Layout Driver Registering...
2026-03-09T12:00:50.835906-03:00 Casa kernel: Key type cifs.idmap registered
2026-03-09T12:00:50.835913-03:00 Casa kernel: fuse: init (API version 7.34)
2026-03-09T12:00:50.835914-03:00 Casa kernel: SGI XFS with ACLs, security attributes, realtime, scrub, repair, quota, no debug enabled
2026-03-09T12:00:50.835915-03:00 Casa kernel: 9p: Installing v9fs 9p2000 file system support
2026-03-09T12:00:50.835916-03:00 Casa kernel: FS-Cache: Netfs '9p' registered for caching
2026-03-09T12:00:50.835916-03:00 Casa kernel: FS-Cache: Netfs 'ceph' registered for caching
2026-03-09T12:00:50.835917-03:00 Casa kernel: ceph: loaded (mds proto 32)
2026-03-09T12:00:50.835918-03:00 Casa kernel: NET: Registered PF_ALG protocol family
2026-03-09T12:00:50.835922-03:00 Casa kernel: xor: automatically using best checksumming function   avx       
2026-03-09T12:00:50.835922-03:00 Casa kernel: Key type asymmetric registered
2026-03-09T12:00:50.835923-03:00 Casa kernel: Asymmetric key parser 'x509' registered
2026-03-09T12:00:50.835924-03:00 Casa kernel: Block layer SCSI generic (bsg) driver version 0.4 loaded (major 248)
2026-03-09T12:00:50.835925-03:00 Casa kernel: hv_vmbus: registering driver hv_pci
2026-03-09T12:00:50.835926-03:00 Casa kernel: hv_pci c4b741f5-5582-4c98-8f8b-2e082933c396: PCI VMBus probing: Using version 0x10004
2026-03-09T12:00:50.835929-03:00 Casa kernel: hv_pci c4b741f5-5582-4c98-8f8b-2e082933c396: PCI host bridge to bus 5582:00
2026-03-09T12:00:50.835930-03:00 Casa kernel: pci_bus 5582:00: root bus resource [mem 0x9ffe00000-0x9ffe02fff window]
2026-03-09T12:00:50.835931-03:00 Casa kernel: pci_bus 5582:00: No busn resource found for root bus, will use [bus 00-ff]
2026-03-09T12:00:50.836011-03:00 Casa kernel: pci 5582:00:00.0: [1af4:1043] type 00 class 0x010000
2026-03-09T12:00:50.836011-03:00 Casa kernel: pci 5582:00:00.0: reg 0x10: [mem 0x9ffe00000-0x9ffe00fff 64bit]
2026-03-09T12:00:50.836012-03:00 Casa kernel: pci 5582:00:00.0: reg 0x18: [mem 0x9ffe01000-0x9ffe01fff 64bit]
2026-03-09T12:00:50.836013-03:00 Casa kernel: pci 5582:00:00.0: reg 0x20: [mem 0x9ffe02000-0x9ffe02fff 64bit]
2026-03-09T12:00:50.836017-03:00 Casa kernel: pci_bus 5582:00: busn_res: [bus 00-ff] end is updated to 00
2026-03-09T12:00:50.836018-03:00 Casa kernel: pci 5582:00:00.0: BAR 0: assigned [mem 0x9ffe00000-0x9ffe00fff 64bit]
2026-03-09T12:00:50.836019-03:00 Casa kernel: pci 5582:00:00.0: BAR 2: assigned [mem 0x9ffe01000-0x9ffe01fff 64bit]
2026-03-09T12:00:50.836020-03:00 Casa kernel: pci 5582:00:00.0: BAR 4: assigned [mem 0x9ffe02000-0x9ffe02fff 64bit]
2026-03-09T12:00:50.836021-03:00 Casa kernel: hv_pci 58a9940f-8e62-4f73-93e0-5f0da6bf68b2: PCI VMBus probing: Using version 0x10004
2026-03-09T12:00:50.836022-03:00 Casa kernel: hv_pci 58a9940f-8e62-4f73-93e0-5f0da6bf68b2: PCI host bridge to bus 8e62:00
2026-03-09T12:00:50.836025-03:00 Casa kernel: pci_bus 8e62:00: No busn resource found for root bus, will use [bus 00-ff]
2026-03-09T12:00:50.836026-03:00 Casa kernel: pci 8e62:00:00.0: [1414:008e] type 00 class 0x030200
2026-03-09T12:00:50.836027-03:00 Casa kernel: pci_bus 8e62:00: busn_res: [bus 00-ff] end is updated to 00
2026-03-09T12:00:50.836028-03:00 Casa kernel: ACPI: AC: AC Adapter [AC1] (off-line)
2026-03-09T12:00:50.836028-03:00 Casa kernel: ACPI: battery: Slot [BAT1] (battery present)
2026-03-09T12:00:50.836029-03:00 Casa kernel: Serial: 8250/16550 driver, 4 ports, IRQ sharing disabled
2026-03-09T12:00:50.836033-03:00 Casa kernel: Non-volatile memory driver v1.3
2026-03-09T12:00:50.836034-03:00 Casa kernel: [drm] Initialized vgem 1.0.0 20120112 for vgem on minor 0
2026-03-09T12:00:50.836034-03:00 Casa kernel: printk: console [hvc0] enabled
2026-03-09T12:00:50.836035-03:00 Casa kernel: brd: module loaded
2026-03-09T12:00:50.836036-03:00 Casa kernel: loop: module loaded
2026-03-09T12:00:50.836037-03:00 Casa kernel: hv_vmbus: registering driver hv_storvsc
2026-03-09T12:00:50.836037-03:00 Casa kernel: wireguard: WireGuard 1.0.0 loaded. See www.wireguard.com for information.
2026-03-09T12:00:50.836041-03:00 Casa kernel: wireguard: Copyright (C) 2015-2019 Jason A. Donenfeld <Jason@zx2c4.com>. All Rights Reserved.
2026-03-09T12:00:50.836042-03:00 Casa kernel: scsi host0: storvsc_host_t
2026-03-09T12:00:50.836042-03:00 Casa kernel: tun: Universal TUN/TAP device driver, 1.6
2026-03-09T12:00:50.836043-03:00 Casa kernel: PPP generic driver version 2.4.2
2026-03-09T12:00:50.836044-03:00 Casa kernel: PPP BSD Compression module registered
2026-03-09T12:00:50.836045-03:00 Casa kernel: PPP Deflate Compression module registered
2026-03-09T12:00:50.836049-03:00 Casa kernel: PPP MPPE Compression module registered
2026-03-09T12:00:50.836049-03:00 Casa kernel: NET: Registered PF_PPPOX protocol family
2026-03-09T12:00:50.836050-03:00 Casa kernel: usbcore: registered new interface driver cdc_ether
2026-03-09T12:00:50.836051-03:00 Casa kernel: usbcore: registered new interface driver cdc_ncm
2026-03-09T12:00:50.836052-03:00 Casa kernel: usbcore: registered new interface driver r8153_ecm
2026-03-09T12:00:50.836052-03:00 Casa kernel: hv_vmbus: registering driver hv_netvsc
2026-03-09T12:00:50.836053-03:00 Casa kernel: VFIO - User Level meta-driver version: 0.3
2026-03-09T12:00:50.836057-03:00 Casa kernel: usbcore: registered new interface driver cdc_acm
2026-03-09T12:00:50.836058-03:00 Casa kernel: cdc_acm: USB Abstract Control Model driver for USB modems and ISDN adapters
2026-03-09T12:00:50.836058-03:00 Casa kernel: vhci_hcd vhci_hcd.0: USB/IP Virtual Host Controller
2026-03-09T12:00:50.836059-03:00 Casa kernel: vhci_hcd vhci_hcd.0: new USB bus registered, assigned bus number 1
2026-03-09T12:00:50.836060-03:00 Casa kernel: vhci_hcd: created sysfs vhci_hcd.0
2026-03-09T12:00:50.836060-03:00 Casa kernel: usb usb1: New USB device found, idVendor=1d6b, idProduct=0002, bcdDevice= 5.15
2026-03-09T12:00:50.836126-03:00 Casa kernel: usb usb1: New USB device strings: Mfr=3, Product=2, SerialNumber=1
2026-03-09T12:00:50.836129-03:00 Casa kernel: usb usb1: Product: USB/IP Virtual Host Controller
2026-03-09T12:00:50.836131-03:00 Casa kernel: usb usb1: Manufacturer: Linux 5.15.167.4-microsoft-standard-WSL2 vhci_hcd
2026-03-09T12:00:50.836132-03:00 Casa kernel: usb usb1: SerialNumber: vhci_hcd.0
2026-03-09T12:00:50.836133-03:00 Casa kernel: hub 1-0:1.0: USB hub found
2026-03-09T12:00:50.836170-03:00 Casa kernel: hub 1-0:1.0: 8 ports detected
2026-03-09T12:00:50.836177-03:00 Casa kernel: vhci_hcd vhci_hcd.0: USB/IP Virtual Host Controller
2026-03-09T12:00:50.836179-03:00 Casa kernel: vhci_hcd vhci_hcd.0: new USB bus registered, assigned bus number 2
2026-03-09T12:00:50.836180-03:00 Casa kernel: usb usb2: We don't know the algorithms for LPM for this host, disabling LPM.
2026-03-09T12:00:50.836181-03:00 Casa kernel: usb usb2: New USB device found, idVendor=1d6b, idProduct=0003, bcdDevice= 5.15
2026-03-09T12:00:50.836182-03:00 Casa kernel: usb usb2: New USB device strings: Mfr=3, Product=2, SerialNumber=1
2026-03-09T12:00:50.836183-03:00 Casa kernel: usb usb2: Product: USB/IP Virtual Host Controller
2026-03-09T12:00:50.836185-03:00 Casa kernel: usb usb2: Manufacturer: Linux 5.15.167.4-microsoft-standard-WSL2 vhci_hcd
2026-03-09T12:00:50.836189-03:00 Casa kernel: usb usb2: SerialNumber: vhci_hcd.0
2026-03-09T12:00:50.836190-03:00 Casa kernel: hub 2-0:1.0: USB hub found
2026-03-09T12:00:50.836192-03:00 Casa kernel: hub 2-0:1.0: 8 ports detected
2026-03-09T12:00:50.836193-03:00 Casa kernel: hv_vmbus: registering driver hyperv_keyboard
2026-03-09T12:00:50.836194-03:00 Casa kernel: rtc_cmos 00:00: RTC can wake from S4
2026-03-09T12:00:50.836195-03:00 Casa kernel: rtc_cmos 00:00: registered as rtc0
2026-03-09T12:00:50.836199-03:00 Casa kernel: rtc_cmos 00:00: setting system clock to 2026-03-09T15:00:43 UTC (1773068443)
2026-03-09T12:00:50.836200-03:00 Casa kernel: rtc_cmos 00:00: alarms up to one month, 114 bytes nvram
2026-03-09T12:00:50.836202-03:00 Casa kernel: device-mapper: ioctl: 4.45.0-ioctl (2021-03-22) initialised: dm-devel@redhat.com
2026-03-09T12:00:50.836202-03:00 Casa kernel: device-mapper: raid: Loading target version 1.15.1
2026-03-09T12:00:50.836203-03:00 Casa kernel: hid: raw HID events driver (C) Jiri Kosina
2026-03-09T12:00:50.836204-03:00 Casa kernel: usbcore: registered new interface driver usbhid
2026-03-09T12:00:50.836205-03:00 Casa kernel: usbhid: USB HID core driver
2026-03-09T12:00:50.836208-03:00 Casa kernel: hv_utils: Registering HyperV Utility Driver
2026-03-09T12:00:50.836209-03:00 Casa kernel: hv_vmbus: registering driver hv_utils
2026-03-09T12:00:50.836210-03:00 Casa kernel: hv_vmbus: registering driver hv_balloon
2026-03-09T12:00:50.836211-03:00 Casa kernel: hv_vmbus: registering driver dxgkrnl
2026-03-09T12:00:50.836212-03:00 Casa kernel: hv_utils: TimeSync IC version 4.0
2026-03-09T12:00:50.836213-03:00 Casa kernel: hv_balloon: Using Dynamic Memory protocol version 2.0
2026-03-09T12:00:50.836217-03:00 Casa kernel: drop_monitor: Initializing network drop monitor service
2026-03-09T12:00:50.836218-03:00 Casa kernel: Mirror/redirect action on
2026-03-09T12:00:50.836218-03:00 Casa kernel: u32 classifier
2026-03-09T12:00:50.836219-03:00 Casa kernel: Free page reporting enabled
2026-03-09T12:00:50.836220-03:00 Casa kernel:     Performance counters on
2026-03-09T12:00:50.836221-03:00 Casa kernel:     input device check on
2026-03-09T12:00:50.836227-03:00 Casa kernel:     Actions configured
2026-03-09T12:00:50.836229-03:00 Casa kernel: IPVS: Registered protocols (TCP, UDP)
2026-03-09T12:00:50.836230-03:00 Casa kernel: IPVS: Connection hash table configured (size=4096, memory=32Kbytes)
2026-03-09T12:00:50.836230-03:00 Casa kernel: hv_balloon: Cold memory discard hint enabled with order 9
2026-03-09T12:00:50.836231-03:00 Casa kernel: IPVS: ipvs loaded.
2026-03-09T12:00:50.836232-03:00 Casa kernel: IPVS: [rr] scheduler registered.
2026-03-09T12:00:50.836233-03:00 Casa kernel: IPVS: [wrr] scheduler registered.
2026-03-09T12:00:50.836237-03:00 Casa kernel: IPVS: [sh] scheduler registered.
2026-03-09T12:00:50.836238-03:00 Casa kernel: ipt_CLUSTERIP: ClusterIP Version 0.8 loaded successfully
2026-03-09T12:00:50.836238-03:00 Casa kernel: Initializing XFRM netlink socket
2026-03-09T12:00:50.836239-03:00 Casa kernel: NET: Registered PF_INET6 protocol family
2026-03-09T12:00:50.836240-03:00 Casa kernel: Segment Routing with IPv6
2026-03-09T12:00:50.836241-03:00 Casa kernel: In-situ OAM (IOAM) with IPv6
2026-03-09T12:00:50.836244-03:00 Casa kernel: NET: Registered PF_PACKET protocol family
2026-03-09T12:00:50.836245-03:00 Casa kernel: Bridge firewalling registered
2026-03-09T12:00:50.836246-03:00 Casa kernel: 8021q: 802.1Q VLAN Support v1.8
2026-03-09T12:00:50.836247-03:00 Casa kernel: sctp: Hash tables configured (bind 256/256)
2026-03-09T12:00:50.836247-03:00 Casa kernel: 9pnet: Installing 9P2000 support
2026-03-09T12:00:50.836248-03:00 Casa kernel: Key type dns_resolver registered
2026-03-09T12:00:50.836249-03:00 Casa kernel: Key type ceph registered
2026-03-09T12:00:50.836253-03:00 Casa kernel: libceph: loaded (mon/osd proto 15/24)
2026-03-09T12:00:50.836253-03:00 Casa kernel: NET: Registered PF_VSOCK protocol family
2026-03-09T12:00:50.836254-03:00 Casa kernel: hv_vmbus: registering driver hv_sock
2026-03-09T12:00:50.836255-03:00 Casa kernel: IPI shorthand broadcast: enabled
2026-03-09T12:00:50.836256-03:00 Casa kernel: sched_clock: Marking stable (2271427418, 30331700)->(2579965600, -278206482)
2026-03-09T12:00:50.836257-03:00 Casa kernel: registered taskstats version 1
2026-03-09T12:00:50.836260-03:00 Casa kernel: Loading compiled-in X.509 certificates
2026-03-09T12:00:50.836261-03:00 Casa kernel: Btrfs loaded, crc32c=crc32c-generic, zoned=no, fsverity=no
2026-03-09T12:00:50.836262-03:00 Casa kernel: clk: Disabling unused clocks
2026-03-09T12:00:50.836263-03:00 Casa kernel: Freeing unused kernel image (initmem) memory: 2016K
2026-03-09T12:00:50.836263-03:00 Casa kernel: Write protecting the kernel read-only data: 30720k
2026-03-09T12:00:50.836264-03:00 Casa kernel: Freeing unused kernel image (text/rodata gap) memory: 2024K
2026-03-09T12:00:50.836268-03:00 Casa kernel: Freeing unused kernel image (rodata/data gap) memory: 572K
2026-03-09T12:00:50.836269-03:00 Casa kernel: Run /init as init process
2026-03-09T12:00:50.836269-03:00 Casa kernel:   with arguments:
2026-03-09T12:00:50.836270-03:00 Casa kernel:     /init
2026-03-09T12:00:50.836271-03:00 Casa kernel:   with environment:
2026-03-09T12:00:50.836272-03:00 Casa kernel:     HOME=/
2026-03-09T12:00:50.836273-03:00 Casa kernel:     TERM=linux
2026-03-09T12:00:50.836276-03:00 Casa kernel:     WSL_ROOT_INIT=1
2026-03-09T12:00:50.836277-03:00 Casa kernel:     WSL_ENABLE_CRASH_DUMP=1
2026-03-09T12:00:50.836278-03:00 Casa kernel: scsi 0:0:0:0: Direct-Access     Msft     Virtual Disk     1.0  PQ: 0 ANSI: 5
2026-03-09T12:00:50.836279-03:00 Casa kernel: sd 0:0:0:0: Attached scsi generic sg0 type 0
2026-03-09T12:00:50.836280-03:00 Casa kernel: sd 0:0:0:0: [sda] 795504 512-byte logical blocks: (407 MB/388 MiB)
2026-03-09T12:00:50.836280-03:00 Casa kernel: sd 0:0:0:0: [sda] Write Protect is on
2026-03-09T12:00:50.836284-03:00 Casa kernel: sd 0:0:0:0: [sda] Mode Sense: 0f 00 80 00
2026-03-09T12:00:50.836321-03:00 Casa kernel: sd 0:0:0:0: [sda] Write cache: disabled, read cache: enabled, doesn't support DPO or FUA
2026-03-09T12:00:50.836322-03:00 Casa kernel: sd 0:0:0:0: [sda] Attached SCSI disk
2026-03-09T12:00:50.836322-03:00 Casa kernel: scsi 0:0:0:1: Direct-Access     Msft     Virtual Disk     1.0  PQ: 0 ANSI: 5
2026-03-09T12:00:50.836323-03:00 Casa kernel: sd 0:0:0:1: Attached scsi generic sg1 type 0
2026-03-09T12:00:50.836324-03:00 Casa kernel: sd 0:0:0:1: [sdb] 2097160 512-byte logical blocks: (1.07 GB/1.00 GiB)
2026-03-09T12:00:50.836325-03:00 Casa kernel: sd 0:0:0:1: [sdb] 4096-byte physical blocks
2026-03-09T12:00:50.836329-03:00 Casa kernel: sd 0:0:0:1: [sdb] Write Protect is off
2026-03-09T12:00:50.836329-03:00 Casa kernel: sd 0:0:0:1: [sdb] Mode Sense: 0f 00 00 00
2026-03-09T12:00:50.836330-03:00 Casa kernel: sd 0:0:0:1: [sdb] Write cache: enabled, read cache: enabled, doesn't support DPO or FUA
2026-03-09T12:00:50.836331-03:00 Casa kernel: sd 0:0:0:1: [sdb] Attached SCSI disk
2026-03-09T12:00:50.836332-03:00 Casa kernel: clocksource: tsc: mask: 0xffffffffffffffff max_cycles: 0x23fa828d75a, max_idle_ns: 440795333562 ns
2026-03-09T12:00:50.836333-03:00 Casa kernel: clocksource: Switched to clocksource tsc
2026-03-09T12:00:50.836337-03:00 Casa kernel: EXT4-fs (sda): mounted filesystem without journal. Opts: (null). Quota mode: none.
2026-03-09T12:00:50.836338-03:00 Casa kernel: Adding 1048576k swap on /dev/sdb.  Priority:-2 extents:1 across:1048576k 
2026-03-09T12:00:50.836338-03:00 Casa kernel: IPv6: ADDRCONF(NETDEV_CHANGE): eth0: link becomes ready
2026-03-09T12:00:50.836339-03:00 Casa kernel: hv_pci 56460ea5-8e71-4f62-baff-46c6b5eab0db: PCI VMBus probing: Using version 0x10004
2026-03-09T12:00:50.836340-03:00 Casa kernel: hv_pci 56460ea5-8e71-4f62-baff-46c6b5eab0db: PCI host bridge to bus 8e71:00
2026-03-09T12:00:50.836341-03:00 Casa kernel: pci_bus 8e71:00: root bus resource [mem 0xc00000000-0xe00001fff window]
2026-03-09T12:00:50.836402-03:00 Casa kernel: pci_bus 8e71:00: No busn resource found for root bus, will use [bus 00-ff]
2026-03-09T12:00:50.836405-03:00 Casa kernel: pci 8e71:00:00.0: [1af4:105a] type 00 class 0x088000
2026-03-09T12:00:50.836407-03:00 Casa kernel: pci 8e71:00:00.0: reg 0x10: [mem 0xe00000000-0xe00000fff 64bit]
2026-03-09T12:00:50.836409-03:00 Casa kernel: pci 8e71:00:00.0: reg 0x18: [mem 0xe00001000-0xe00001fff 64bit]
2026-03-09T12:00:50.836410-03:00 Casa kernel: pci 8e71:00:00.0: reg 0x20: [mem 0xc00000000-0xdffffffff 64bit]
2026-03-09T12:00:50.836412-03:00 Casa kernel: pci_bus 8e71:00: busn_res: [bus 00-ff] end is updated to 00
2026-03-09T12:00:50.836413-03:00 Casa kernel: pci 8e71:00:00.0: BAR 4: assigned [mem 0xc00000000-0xdffffffff 64bit]
2026-03-09T12:00:50.836418-03:00 Casa kernel: pci 8e71:00:00.0: BAR 0: assigned [mem 0xe00000000-0xe00000fff 64bit]
2026-03-09T12:00:50.836423-03:00 Casa kernel: pci 8e71:00:00.0: BAR 2: assigned [mem 0xe00001000-0xe00001fff 64bit]
2026-03-09T12:00:50.836424-03:00 Casa kernel: virtiofs virtio1: Cache len: 0x200000000 @ 0xc00000000
2026-03-09T12:00:50.836425-03:00 Casa kernel: memmap_init_zone_device initialised 2097152 pages in 150ms
2026-03-09T12:00:50.836426-03:00 Casa kernel: FS-Cache: Duplicate cookie detected
2026-03-09T12:00:50.836427-03:00 Casa kernel: FS-Cache: O-cookie c=00000005 [p=00000002 fl=222 nc=0 na=1]
2026-03-09T12:00:50.836437-03:00 Casa kernel: FS-Cache: O-cookie d=0000000065019077{9P.session} n=00000000dd73734d
2026-03-09T12:00:50.836438-03:00 Casa kernel: FS-Cache: O-key=[10] '34323934393337373237'
2026-03-09T12:00:50.836439-03:00 Casa kernel: FS-Cache: N-cookie c=00000006 [p=00000002 fl=2 nc=0 na=1]
2026-03-09T12:00:50.836439-03:00 Casa kernel: FS-Cache: N-cookie d=0000000065019077{9P.session} n=00000000337eb088
2026-03-09T12:00:50.836440-03:00 Casa kernel: FS-Cache: N-key=[10] '34323934393337373237'
2026-03-09T12:00:50.836441-03:00 Casa kernel: scsi 0:0:0:2: Direct-Access     Msft     Virtual Disk     1.0  PQ: 0 ANSI: 5
2026-03-09T12:00:50.836442-03:00 Casa kernel: sd 0:0:0:2: Attached scsi generic sg2 type 0
2026-03-09T12:00:50.836446-03:00 Casa kernel: sd 0:0:0:2: [sdc] 2147483648 512-byte logical blocks: (1.10 TB/1.00 TiB)
2026-03-09T12:00:50.836447-03:00 Casa kernel: sd 0:0:0:2: [sdc] 4096-byte physical blocks
2026-03-09T12:00:50.836448-03:00 Casa kernel: sd 0:0:0:2: [sdc] Write Protect is off
2026-03-09T12:00:50.836449-03:00 Casa kernel: sd 0:0:0:2: [sdc] Mode Sense: 0f 00 00 00
2026-03-09T12:00:50.836449-03:00 Casa kernel: sd 0:0:0:2: [sdc] Write cache: enabled, read cache: enabled, doesn't support DPO or FUA
2026-03-09T12:00:50.836451-03:00 Casa kernel: sd 0:0:0:2: [sdc] Attached SCSI disk
2026-03-09T12:00:50.836457-03:00 Casa kernel: EXT4-fs (sdc): mounted filesystem with ordered data mode. Opts: discard,errors=remount-ro,data=ordered. Quota mode: none.
2026-03-09T12:00:50.836464-03:00 Casa kernel: misc dxg: dxgk: dxgkio_is_feature_enabled: Ioctl failed: -22
2026-03-09T12:00:50.836466-03:00 Casa kernel: misc dxg: dxgk: dxgkio_query_adapter_info: Ioctl failed: -22
2026-03-09T12:00:50.836471-03:00 Casa kernel: misc dxg: dxgk: dxgkio_query_adapter_info: Ioctl failed: -22
2026-03-09T12:00:50.836472-03:00 Casa kernel: misc dxg: dxgk: dxgkio_query_adapter_info: Ioctl failed: -22
2026-03-09T12:00:50.836473-03:00 Casa kernel: misc dxg: dxgk: dxgkio_query_adapter_info: Ioctl failed: -2
2026-03-09T12:00:53.310984-03:00 Casa kernel: TCP: eth0: Driver has suspect GRO implementation, TCP performance may be compromised.
2026-03-09T12:01:32.047443-03:00 Casa kernel: hv_balloon: Max. dynamic memory size: 3958 MB
2026-03-09T12:10:45.279597-03:00 Casa kernel: mini_init (176): drop_caches: 1
2026-03-09T12:37:45.875797-03:00 Casa kernel: mini_init (176): drop_caches: 1
2026-03-09T12:42:45.939783-03:00 Casa kernel: mini_init (176): drop_caches: 1
2026-03-09T12:44:18.249875-03:00 Casa kernel: mini_init (176): drop_caches: 1
2026-03-09T12:56:49.467680-03:00 Casa kernel: mini_init (176): drop_caches: 1
2026-03-09T13:32:24.011740-03:00 Casa kernel: mini_init (176): drop_caches: 1
2026-03-09T18:59:42.510043-03:00 Casa kernel: mini_init (176): drop_caches: 1
2026-03-09T20:27:47.947439-03:00 Casa kernel: mini_init (176): drop_caches: 1
2026-03-09T21:06:18.408469-03:00 Casa kernel: mini_init (176): drop_caches: 1
2026-03-09T21:07:18.326336-03:00 Casa kernel: mini_init (176): drop_caches: 1
2026-03-09T21:25:48.765044-03:00 Casa kernel: mini_init (176): drop_caches: 1
2026-03-10T01:29:34.333083-03:00 Casa kernel: hv_utils: TimeSync IC version 4.0
2026-03-10T07:22:48.005558-03:00 Casa kernel: hv_utils: TimeSync IC version 4.0
2026-03-10T11:11:31.774444-03:00 Casa kernel: mini_init (176): drop_caches: 1
2026-03-10T13:45:32.005541-03:00 Casa kernel: mini_init (176): drop_caches: 1
2026-03-10T14:58:02.952090-03:00 Casa kernel: mini_init (176): drop_caches: 1
